  error - The method 'showBarModalBottomSheet' isn't defined for the type '_HomeContentState' - lib\screens\home_screen.dart:254:5 - undefined_method
  error - A value of type 'MockQueryBuilder' can't be assigned to a variable of type 'Map<String, dynamic>?' - lib\screens\profile_page.dart:43:25 - invalid_assignment
  mmandError
